// Jest Snapshot v1, https://goo.gl/fbAQLP

exports[`BottomSheet Component renders correctly 1`] = `
<View
  testID="wrapper"
>
  <Modal
    animationType="slide"
    hardwareAccelerated={false}
    transparent={true}
    visible={true}
  >
    <RNCSafeAreaView
      style={
        Object {
          "backgroundColor": "rgba(0,0,0,0.2)",
          "flex": 1,
          "flexDirection": "column-reverse",
        }
      }
    >
      <View>
        <RCTScrollView>
          <View>
            <View>
              <View
                style={
                  Object {
                    "alignItems": "center",
                    "backgroundColor": "#ffffff",
                    "borderColor": "#bcbbc1",
                    "flexDirection": "row",
                    "padding": 14,
                  }
                }
                testID="RNE__LISTITEM__padView"
              >
                <View
                  style={
                    Array [
                      Object {
                        "alignItems": "flex-start",
                        "flex": 1,
                        "justifyContent": "center",
                      },
                      undefined,
                    ]
                  }
                >
                  <Text
                    accessibilityRole="text"
                    style={
                      Object {
                        "backgroundColor": "transparent",
                        "color": "#242424",
                        "fontSize": 17,
                      }
                    }
                    testID="listItemTitle"
                  >
                    test
                  </Text>
                </View>
              </View>
            </View>
            <View>
              <View
                style={
                  Object {
                    "alignItems": "center",
                    "backgroundColor": "#ffffff",
                    "borderColor": "#bcbbc1",
                    "flexDirection": "row",
                    "padding": 14,
                  }
                }
                testID="RNE__LISTITEM__padView"
              >
                <View
                  style={
                    Array [
                      Object {
                        "alignItems": "flex-start",
                        "flex": 1,
                        "justifyContent": "center",
                      },
                      undefined,
                    ]
                  }
                >
                  <Text
                    accessibilityRole="text"
                    style={
                      Object {
                        "backgroundColor": "transparent",
                        "color": "#242424",
                        "fontSize": 17,
                      }
                    }
                    testID="listItemTitle"
                  >
                    test2
                  </Text>
                </View>
              </View>
            </View>
          </View>
        </RCTScrollView>
      </View>
    </RNCSafeAreaView>
  </Modal>
</View>
`;
