// Jest Snapshot v1, https://goo.gl/fbAQLP

exports[`Image Component should render 1`] = `
<View
  accessibilityIgnoresInvertColors={true}
  style={
    Object {
      "backgroundColor": "transparent",
      "overflow": "hidden",
      "position": "relative",
    }
  }
>
  <Image
    onLoad={[Function]}
    replaceTheme={[Function]}
    source={
      Object {
        "uri": "https://i.imgur.com/0y8Ftya.jpg",
      }
    }
    style={
      Object {
        "bottom": 0,
        "left": 0,
        "position": "absolute",
        "right": 0,
        "top": 0,
      }
    }
    testID="customTestId"
    theme={
      Object {
        "colors": Object {
          "black": "#242424",
          "disabled": "hsl(208, 8%, 90%)",
          "divider": "#bcbbc1",
          "error": "#ff190c",
          "grey0": "#393e42",
          "grey1": "#43484d",
          "grey2": "#5e6977",
          "grey3": "#86939e",
          "grey4": "#bdc6cf",
          "grey5": "#e1e8ee",
          "greyOutline": "#bbb",
          "platform": Object {
            "android": Object {
              "error": "#f44336",
              "grey": "rgba(0, 0, 0, 0.54)",
              "primary": "#2196f3",
              "searchBg": "#dcdce1",
              "secondary": "#9C27B0",
              "success": "#4caf50",
              "warning": "#ffeb3b",
            },
            "default": Object {
              "error": "#ff3b30",
              "grey": "#7d7d7d",
              "primary": "#007aff",
              "searchBg": "#dcdce1",
              "secondary": "#5856d6",
              "success": "#4cd964",
              "warning": "#ffcc00",
            },
            "ios": Object {
              "error": "#ff3b30",
              "grey": "#7d7d7d",
              "primary": "#007aff",
              "searchBg": "#dcdce1",
              "secondary": "#5856d6",
              "success": "#4cd964",
              "warning": "#ffcc00",
            },
            "web": Object {
              "error": "#ff190c",
              "grey": "#393e42",
              "primary": "#2089dc",
              "searchBg": "#303337",
              "secondary": "#ca71eb",
              "success": "#52c41a",
              "warning": "#faad14",
            },
          },
          "primary": "#2089dc",
          "searchBg": "#303337",
          "secondary": "#ca71eb",
          "success": "#52c41a",
          "warning": "#faad14",
          "white": "#ffffff",
        },
      }
    }
    transitionDuration={360}
    updateTheme={[Function]}
  />
  <View
    accessibilityElementsHidden={true}
    importantForAccessibility="no-hide-descendants"
    pointerEvents="none"
    style={
      Object {
        "bottom": 0,
        "left": 0,
        "opacity": 1,
        "position": "absolute",
        "right": 0,
        "top": 0,
      }
    }
  >
    <View
      style={
        Object {
          "alignItems": "center",
          "backgroundColor": "#bdbdbd",
          "justifyContent": "center",
        }
      }
      testID="RNE__Image__placeholder"
    />
  </View>
  <View
    style={Object {}}
    testID="RNE__Image__children__container"
  />
</View>
`;
