// Jest Snapshot v1, https://goo.gl/fbAQLP

exports[`FormValidationMessage Component should render without issues 1`] = `
ShallowWrapper {
  "complexSelector": ComplexSelector {
    "buildPredicate": [Function],
    "childrenOfNode": [Function],
    "findWhereUnwrapped": [Function],
  },
  "length": 1,
  "node": <View
    style={
        Array [
            Object {},
            undefined,
          ]
    }
>
    <TextElement
        style={
            Array [
                Object {
                  "color": "#ff190c",
                  "fontSize": 15,
                  "marginBottom": 1,
                  "marginLeft": 20,
                  "marginRight": 20,
                  "marginTop": 5,
                },
                undefined,
                undefined,
              ]
        }
    />
</View>,
  "nodes": Array [
    <View
      style={
            Array [
                  Object {},
                  undefined,
                ]
      }
>
      <TextElement
            style={
                  Array [
                        Object {
                          "color": "#ff190c",
                          "fontSize": 15,
                          "marginBottom": 1,
                          "marginLeft": 20,
                          "marginRight": 20,
                          "marginTop": 5,
                        },
                        undefined,
                        undefined,
                      ]
            }
      />
</View>,
  ],
  "options": Object {},
  "renderer": ReactShallowRenderer {
    "_instance": ShallowComponentWrapper {
      "_calledComponentWillUnmount": false,
      "_compositeType": 2,
      "_context": Object {},
      "_currentElement": <FormValidationMessage />,
      "_debugID": 1,
      "_hostContainerInfo": null,
      "_hostParent": null,
      "_instance": StatelessComponent {
        "_reactInternalInstance": [Circular],
        "context": Object {},
        "props": Object {},
        "refs": Object {},
        "state": null,
        "updater": Object {
          "enqueueCallback": [Function],
          "enqueueCallbackInternal": [Function],
          "enqueueElementInternal": [Function],
          "enqueueForceUpdate": [Function],
          "enqueueReplaceState": [Function],
          "enqueueSetState": [Function],
          "isMounted": [Function],
          "validateCallback": [Function],
        },
      },
      "_mountOrder": 1,
      "_pendingCallbacks": null,
      "_pendingElement": null,
      "_pendingForceUpdate": false,
      "_pendingReplaceState": false,
      "_pendingStateQueue": null,
      "_renderedComponent": NoopInternalComponent {
        "_currentElement": <View
          style={
                    Array [
                              Object {},
                              undefined,
                            ]
          }
>
          <TextElement
                    style={
                              Array [
                                        Object {
                                          "color": "#ff190c",
                                          "fontSize": 15,
                                          "marginBottom": 1,
                                          "marginLeft": 20,
                                          "marginRight": 20,
                                          "marginTop": 5,
                                        },
                                        undefined,
                                        undefined,
                                      ]
                    }
          />
</View>,
        "_debugID": 2,
        "_renderedOutput": <View
          style={
                    Array [
                              Object {},
                              undefined,
                            ]
          }
>
          <TextElement
                    style={
                              Array [
                                        Object {
                                          "color": "#ff190c",
                                          "fontSize": 15,
                                          "marginBottom": 1,
                                          "marginLeft": 20,
                                          "marginRight": 20,
                                          "marginTop": 5,
                                        },
                                        undefined,
                                        undefined,
                                      ]
                    }
          />
</View>,
      },
      "_renderedNodeType": 1,
      "_rootNodeID": 0,
      "_topLevelWrapper": null,
      "_updateBatchNumber": null,
      "_warnedAboutRefsInRender": false,
    },
    "getRenderOutput": [Function],
    "render": [Function],
  },
  "root": [Circular],
  "unrendered": <FormValidationMessage />,
}
`;
