// Jest Snapshot v1, https://goo.gl/fbAQLP

exports[`FormInput Component should render without issues 1`] = `
<AnimatedComponent
  style={
    Array [
      Object {
        "borderBottomColor": "#bdc6cf",
        "borderBottomWidth": 1,
        "marginLeft": 20,
        "marginRight": 20,
      },
      undefined,
      Object {
        "transform": Array [
          Object {
            "translateX": 0,
          },
        ],
      },
    ]
  }
>
  <TextInput
    style={
      Array [
        Object {
          "color": "#86939e",
          "fontSize": 17.5,
          "minHeight": 36,
          "width": 750,
        },
        undefined,
      ]
    }
  />
</AnimatedComponent>
`;
