// Jest Snapshot v1, https://goo.gl/fbAQLP

exports[`Input Component should render without issues 1`] = `
<View>
  <View
    style={
      Array [
        Object {
          "alignItems": "center",
          "borderBottomWidth": 1,
          "borderColor": "rgba(171, 189, 219, 1)",
          "flexDirection": "row",
        },
        Object {
          "height": 40,
          "width": 650,
        },
        undefined,
      ]
    }
  >
    <TextInput
      style={
        Array [
          Object {
            "alignSelf": "center",
            "color": "black",
            "fontSize": 18,
            "marginLeft": 10,
          },
          Object {
            "height": 40,
            "width": 650,
          },
          undefined,
        ]
      }
      underlineColorAndroid="transparent"
    />
  </View>
</View>
`;
