// Jest Snapshot v1, https://goo.gl/fbAQLP

exports[`Speed Dial Component should render without issues 1`] = `
<View
  pointerEvents="box-none"
  style={
    Array [
      Object {
        "bottom": 0,
        "justifyContent": "flex-end",
        "left": 0,
        "position": "absolute",
        "right": 0,
        "top": 0,
      },
      undefined,
    ]
  }
>
  <TouchableWithoutFeedback
    onPress={[Function]}
  >
    <ForwardRef(AnimatedComponentWrapper)
      pointerEvents="auto"
      style={
        Array [
          Object {
            "bottom": 0,
            "left": 0,
            "position": "absolute",
            "right": 0,
            "top": 0,
          },
          Object {
            "backgroundColor": "rgba(36, 36, 36, 0.6)",
            "opacity": 1,
          },
        ]
      }
    />
  </TouchableWithoutFeedback>
  <ForwardRef(SafeAreaView)
    pointerEvents="box-none"
    style={
      Object {
        "alignItems": "flex-end",
      }
    }
  >
    <ForwardRef(AnimatedComponentWrapper)
      key="0"
      pointerEvents="auto"
      style={
        Object {
          "opacity": 1,
          "transform": Array [
            Object {
              "scale": 1,
            },
          ],
        }
      }
    >
      <Component
        icon={
          Object {
            "color": "#fff",
            "name": "add",
          }
        }
        key=".0"
        onPress={[Function]}
        title="Add"
      />
    </ForwardRef(AnimatedComponentWrapper)>
    <ForwardRef(AnimatedComponentWrapper)
      key="1"
      pointerEvents="auto"
      style={
        Object {
          "opacity": 1,
          "transform": Array [
            Object {
              "scale": 1,
            },
          ],
        }
      }
    >
      <Component
        icon={
          Object {
            "color": "#fff",
            "name": "delete",
          }
        }
        key=".1"
        onPress={[Function]}
        title="Delete"
      />
    </ForwardRef(AnimatedComponentWrapper)>
    <Themed.FAB
      icon={
        Object {
          "color": "#fff",
          "name": "close",
        }
      }
      onPress={[Function]}
      style={
        Array [
          Object {
            "margin": 16,
            "marginTop": 0,
          },
        ]
      }
    />
  </ForwardRef(SafeAreaView)>
</View>
`;
