// Jest Snapshot v1, https://goo.gl/fbAQLP

exports[`Tooltip component should exhibit default tooltip toggle behavior when "closeOnlyOnBackdropPress" is false 1`] = `
<View
  testID="wrapper"
>
  <View
    collapsable={false}
  >
    <View
      accessible={true}
      focusable={true}
      onBlur={[Function]}
      onClick={[Function]}
      onFocus={[Function]}
      onResponderGrant={[Function]}
      onResponderMove={[Function]}
      onResponderRelease={[Function]}
      onResponderTerminate={[Function]}
      onResponderTerminationRequest={[Function]}
      onStartShouldSetResponder={[Function]}
    >
      <Text>
        Press me
      </Text>
    </View>
    <Modal
      animationType="fade"
      hardwareAccelerated={false}
      onShow={[Function]}
      transparent={true}
      visible={true}
    >
      <View
        accessible={true}
        focusable={true}
        onClick={[Function]}
        onResponderGrant={[Function]}
        onResponderMove={[Function]}
        onResponderRelease={[Function]}
        onResponderTerminate={[Function]}
        onResponderTerminationRequest={[Function]}
        onStartShouldSetResponder={[Function]}
        style={
          Object {
            "backgroundColor": "#fafafa14",
            "flex": 1,
            "opacity": 1,
          }
        }
      >
        <View>
          <View
            style={
              Object {
                "backgroundColor": "transparent",
                "height": 0,
                "left": 0,
                "overflow": "visible",
                "position": "absolute",
                "top": 0,
                "width": 0,
              }
            }
          >
            <Text>
              Press me
            </Text>
          </View>
          <View
            style={
              Object {
                "left": -7.5,
                "position": "absolute",
                "top": -2,
              }
            }
          >
            <View
              style={
                Object {
                  "backgroundColor": "transparent",
                  "borderBottomColor": "#617080",
                  "borderBottomWidth": 15,
                  "borderLeftColor": "transparent",
                  "borderLeftWidth": 8,
                  "borderRightColor": "transparent",
                  "borderRightWidth": 8,
                  "borderStyle": "solid",
                  "height": 0,
                  "width": 0,
                }
              }
              testID="RNE__Tooltip_Triangle"
            />
          </View>
          <View
            style={
              Object {
                "alignItems": "center",
                "backgroundColor": "#617080",
                "borderRadius": 10,
                "display": "flex",
                "flex": 1,
                "height": 100,
                "justifyContent": "center",
                "left": -17.999,
                "padding": 10,
                "position": "absolute",
                "top": 10,
                "width": 200,
              }
            }
            testID="tooltipPopoverContainer"
          >
            <Text>
              Info here
            </Text>
          </View>
        </View>
      </View>
    </Modal>
  </View>
</View>
`;
