// Jest Snapshot v1, https://goo.gl/fbAQLP

exports[`SocialIcon component should render without issues 1`] = `
ShallowWrapper {
  "complexSelector": ComplexSelector {
    "buildPredicate": [Function],
    "childrenOfNode": [Function],
    "findWhereUnwrapped": [Function],
  },
  "length": 1,
  "node": <View
    disabled={false}
    onLongPress={[Function]}
    onPress={[Function]}
    style={
        Array [
            Object {
              "shadowColor": "rgba(0,0,0, .4)",
              "shadowOffset": Object {
                "height": 1,
                "width": 1,
              },
              "shadowOpacity": 1,
              "shadowRadius": 1,
            },
            Object {
              "alignItems": "center",
              "borderRadius": 30,
              "flexDirection": "row",
              "justifyContent": "center",
              "margin": 7,
            },
            false,
            Object {
              "height": 52,
              "width": 52,
            },
            false,
            Object {
              "backgroundColor": "#00aced",
            },
            undefined,
            undefined,
          ]
    }
    underlayColor="#00aced"
>
    <View
        style={
            Object {
                "alignItems": "center",
                "flexDirection": "row",
                "justifyContent": "center",
              }
        }
    >
        <Icon
            allowFontScaling={false}
            color="white"
            name="twitter"
            size={24}
            style={
                Array [
                    undefined,
                  ]
            }
        />
    </View>
</View>,
  "nodes": Array [
    <View
      disabled={false}
      onLongPress={[Function]}
      onPress={[Function]}
      style={
            Array [
                  Object {
                    "shadowColor": "rgba(0,0,0, .4)",
                    "shadowOffset": Object {
                      "height": 1,
                      "width": 1,
                    },
                    "shadowOpacity": 1,
                    "shadowRadius": 1,
                  },
                  Object {
                    "alignItems": "center",
                    "borderRadius": 30,
                    "flexDirection": "row",
                    "justifyContent": "center",
                    "margin": 7,
                  },
                  false,
                  Object {
                    "height": 52,
                    "width": 52,
                  },
                  false,
                  Object {
                    "backgroundColor": "#00aced",
                  },
                  undefined,
                  undefined,
                ]
      }
      underlayColor="#00aced"
>
      <View
            style={
                  Object {
                        "alignItems": "center",
                        "flexDirection": "row",
                        "justifyContent": "center",
                      }
            }
      >
            <Icon
                  allowFontScaling={false}
                  color="white"
                  name="twitter"
                  size={24}
                  style={
                        Array [
                              undefined,
                            ]
                  }
            />
      </View>
</View>,
  ],
  "options": Object {},
  "renderer": ReactShallowRenderer {
    "_instance": ShallowComponentWrapper {
      "_calledComponentWillUnmount": false,
      "_compositeType": 2,
      "_context": Object {},
      "_currentElement": <SocialIcon
        button={false}
        iconColor="white"
        iconSize={24}
        raised={true}
        type="twitter"
/>,
      "_debugID": 1,
      "_hostContainerInfo": null,
      "_hostParent": null,
      "_instance": StatelessComponent {
        "_reactInternalInstance": [Circular],
        "context": Object {},
        "props": Object {
          "button": false,
          "iconColor": "white",
          "iconSize": 24,
          "raised": true,
          "type": "twitter",
        },
        "refs": Object {},
        "state": null,
        "updater": Object {
          "enqueueCallback": [Function],
          "enqueueCallbackInternal": [Function],
          "enqueueElementInternal": [Function],
          "enqueueForceUpdate": [Function],
          "enqueueReplaceState": [Function],
          "enqueueSetState": [Function],
          "isMounted": [Function],
          "validateCallback": [Function],
        },
      },
      "_mountOrder": 1,
      "_pendingCallbacks": null,
      "_pendingElement": null,
      "_pendingForceUpdate": false,
      "_pendingReplaceState": false,
      "_pendingStateQueue": null,
      "_renderedComponent": NoopInternalComponent {
        "_currentElement": <View
          disabled={false}
          onLongPress={[Function]}
          onPress={[Function]}
          style={
                    Array [
                              Object {
                                "shadowColor": "rgba(0,0,0, .4)",
                                "shadowOffset": Object {
                                  "height": 1,
                                  "width": 1,
                                },
                                "shadowOpacity": 1,
                                "shadowRadius": 1,
                              },
                              Object {
                                "alignItems": "center",
                                "borderRadius": 30,
                                "flexDirection": "row",
                                "justifyContent": "center",
                                "margin": 7,
                              },
                              false,
                              Object {
                                "height": 52,
                                "width": 52,
                              },
                              false,
                              Object {
                                "backgroundColor": "#00aced",
                              },
                              undefined,
                              undefined,
                            ]
          }
          underlayColor="#00aced"
>
          <View
                    style={
                              Object {
                                        "alignItems": "center",
                                        "flexDirection": "row",
                                        "justifyContent": "center",
                                      }
                    }
          >
                    <Icon
                              allowFontScaling={false}
                              color="white"
                              name="twitter"
                              size={24}
                              style={
                                        Array [
                                                  undefined,
                                                ]
                              }
                    />
          </View>
</View>,
        "_debugID": 2,
        "_renderedOutput": <View
          disabled={false}
          onLongPress={[Function]}
          onPress={[Function]}
          style={
                    Array [
                              Object {
                                "shadowColor": "rgba(0,0,0, .4)",
                                "shadowOffset": Object {
                                  "height": 1,
                                  "width": 1,
                                },
                                "shadowOpacity": 1,
                                "shadowRadius": 1,
                              },
                              Object {
                                "alignItems": "center",
                                "borderRadius": 30,
                                "flexDirection": "row",
                                "justifyContent": "center",
                                "margin": 7,
                              },
                              false,
                              Object {
                                "height": 52,
                                "width": 52,
                              },
                              false,
                              Object {
                                "backgroundColor": "#00aced",
                              },
                              undefined,
                              undefined,
                            ]
          }
          underlayColor="#00aced"
>
          <View
                    style={
                              Object {
                                        "alignItems": "center",
                                        "flexDirection": "row",
                                        "justifyContent": "center",
                                      }
                    }
          >
                    <Icon
                              allowFontScaling={false}
                              color="white"
                              name="twitter"
                              size={24}
                              style={
                                        Array [
                                                  undefined,
                                                ]
                              }
                    />
          </View>
</View>,
      },
      "_renderedNodeType": 1,
      "_rootNodeID": 0,
      "_topLevelWrapper": null,
      "_updateBatchNumber": null,
      "_warnedAboutRefsInRender": false,
    },
    "getRenderOutput": [Function],
    "render": [Function],
  },
  "root": [Circular],
  "unrendered": <SocialIcon
    button={false}
    iconColor="white"
    iconSize={24}
    raised={true}
    type="twitter"
/>,
}
`;
