// Jest Snapshot v1, https://goo.gl/fbAQLP

exports[`Card Component should have Card title with image 1`] = `
<ContextConsumer>
  <Component />
</ContextConsumer>
`;

exports[`Card Component should have Card title without image 1`] = `
<ContextConsumer>
  <Component />
</ContextConsumer>
`;

exports[`Card Component should have Card with featured title 1`] = `
<ContextConsumer>
  <Component />
</ContextConsumer>
`;

exports[`Card Component should render without issues 1`] = `
<ContextConsumer>
  <Component />
</ContextConsumer>
`;
