// Jest Snapshot v1, https://goo.gl/fbAQLP

exports[`NavButton Component should render without issues 1`] = `
<Icon
  color="black"
  disabled={false}
  raised={false}
  reverse={false}
  reverseColor="white"
  size={24}
  underlayColor="white"
/>
`;
