// Jest Snapshot v1, https://goo.gl/fbAQLP

exports[`Android SearchBar component should render with a custom cancel icon 1`] = `
<Component
  style={
    Array [
      Object {
        "backgroundColor": "white",
        "paddingBottom": 8,
        "paddingTop": 8,
        "width": 750,
      },
      undefined,
    ]
  }
>
  <Input
    inputContainerStyle={
      Array [
        Object {
          "borderBottomWidth": 0,
          "width": 750,
        },
        undefined,
      ]
    }
    inputStyle={
      Array [
        Object {
          "marginLeft": 24,
          "marginRight": 8,
        },
        undefined,
      ]
    }
    leftIcon={
      <Icon
        color="rgba(0, 0, 0, 0.54)"
        disabled={false}
        name="magnify"
        raised={false}
        reverse={false}
        reverseColor="white"
        size={25}
        type="material-community"
        underlayColor="white"
      />
    }
    leftIconContainerStyle={
      Array [
        Object {
          "marginLeft": 8,
        },
        undefined,
      ]
    }
    onBlur={[Function]}
    onCancel={[Function]}
    onChangeText={[Function]}
    onClear={[Function]}
    onFocus={[Function]}
    rightIcon={
      <Component
        style={
          Object {
            "flexDirection": "row",
          }
        }
      />
    }
    rightIconContainerStyle={
      Array [
        Object {
          "marginRight": 8,
        },
        undefined,
      ]
    }
  />
</Component>
`;

exports[`Android SearchBar component should render with a custom cancel icon component 1`] = `
<Component
  style={
    Array [
      Object {
        "backgroundColor": "white",
        "paddingBottom": 8,
        "paddingTop": 8,
        "width": 750,
      },
      undefined,
    ]
  }
>
  <Input
    inputContainerStyle={
      Array [
        Object {
          "borderBottomWidth": 0,
          "width": 750,
        },
        undefined,
      ]
    }
    inputStyle={
      Array [
        Object {
          "marginLeft": 24,
          "marginRight": 8,
        },
        undefined,
      ]
    }
    leftIcon={
      <Icon
        color="rgba(0, 0, 0, 0.54)"
        disabled={false}
        name="magnify"
        raised={false}
        reverse={false}
        reverseColor="white"
        size={25}
        type="material-community"
        underlayColor="white"
      />
    }
    leftIconContainerStyle={
      Array [
        Object {
          "marginLeft": 8,
        },
        undefined,
      ]
    }
    onBlur={[Function]}
    onCancel={[Function]}
    onChangeText={[Function]}
    onClear={[Function]}
    onFocus={[Function]}
    rightIcon={
      <Component
        style={
          Object {
            "flexDirection": "row",
          }
        }
      />
    }
    rightIconContainerStyle={
      Array [
        Object {
          "marginRight": 8,
        },
        undefined,
      ]
    }
  />
</Component>
`;

exports[`Android SearchBar component should render with a custom clear icon 1`] = `
<Component
  style={
    Array [
      Object {
        "backgroundColor": "white",
        "paddingBottom": 8,
        "paddingTop": 8,
        "width": 750,
      },
      undefined,
    ]
  }
>
  <Input
    inputContainerStyle={
      Array [
        Object {
          "borderBottomWidth": 0,
          "width": 750,
        },
        undefined,
      ]
    }
    inputStyle={
      Array [
        Object {
          "marginLeft": 24,
          "marginRight": 8,
        },
        undefined,
      ]
    }
    leftIcon={
      <Icon
        color="rgba(0, 0, 0, 0.54)"
        disabled={false}
        name="magnify"
        raised={false}
        reverse={false}
        reverseColor="white"
        size={25}
        type="material-community"
        underlayColor="white"
      />
    }
    leftIconContainerStyle={
      Array [
        Object {
          "marginLeft": 8,
        },
        undefined,
      ]
    }
    onBlur={[Function]}
    onCancel={[Function]}
    onChangeText={[Function]}
    onClear={[Function]}
    onFocus={[Function]}
    rightIcon={
      <Component
        style={
          Object {
            "flexDirection": "row",
          }
        }
      />
    }
    rightIconContainerStyle={
      Array [
        Object {
          "marginRight": 8,
        },
        undefined,
      ]
    }
  />
</Component>
`;

exports[`Android SearchBar component should render with a custom clear icon component 1`] = `
<Component
  style={
    Array [
      Object {
        "backgroundColor": "white",
        "paddingBottom": 8,
        "paddingTop": 8,
        "width": 750,
      },
      undefined,
    ]
  }
>
  <Input
    inputContainerStyle={
      Array [
        Object {
          "borderBottomWidth": 0,
          "width": 750,
        },
        undefined,
      ]
    }
    inputStyle={
      Array [
        Object {
          "marginLeft": 24,
          "marginRight": 8,
        },
        undefined,
      ]
    }
    leftIcon={
      <Icon
        color="rgba(0, 0, 0, 0.54)"
        disabled={false}
        name="magnify"
        raised={false}
        reverse={false}
        reverseColor="white"
        size={25}
        type="material-community"
        underlayColor="white"
      />
    }
    leftIconContainerStyle={
      Array [
        Object {
          "marginLeft": 8,
        },
        undefined,
      ]
    }
    onBlur={[Function]}
    onCancel={[Function]}
    onChangeText={[Function]}
    onClear={[Function]}
    onFocus={[Function]}
    rightIcon={
      <Component
        style={
          Object {
            "flexDirection": "row",
          }
        }
      />
    }
    rightIconContainerStyle={
      Array [
        Object {
          "marginRight": 8,
        },
        undefined,
      ]
    }
  />
</Component>
`;

exports[`Android SearchBar component should render with a custom methods 1`] = `
<Component
  style={
    Array [
      Object {
        "backgroundColor": "white",
        "paddingBottom": 8,
        "paddingTop": 8,
        "width": 750,
      },
      undefined,
    ]
  }
>
  <Input
    inputContainerStyle={
      Array [
        Object {
          "borderBottomWidth": 0,
          "width": 750,
        },
        undefined,
      ]
    }
    inputStyle={
      Array [
        Object {
          "marginLeft": 24,
          "marginRight": 8,
        },
        undefined,
      ]
    }
    leftIcon={
      <Icon
        color="rgba(0, 0, 0, 0.54)"
        disabled={false}
        name="magnify"
        raised={false}
        reverse={false}
        reverseColor="white"
        size={25}
        type="material-community"
        underlayColor="white"
      />
    }
    leftIconContainerStyle={
      Array [
        Object {
          "marginLeft": 8,
        },
        undefined,
      ]
    }
    onBlur={[Function]}
    onCancel={[MockFunction]}
    onChangeText={[Function]}
    onClear={[MockFunction]}
    onFocus={[Function]}
    rightIcon={
      <Component
        style={
          Object {
            "flexDirection": "row",
          }
        }
      />
    }
    rightIconContainerStyle={
      Array [
        Object {
          "marginRight": 8,
        },
        undefined,
      ]
    }
  />
</Component>
`;

exports[`Android SearchBar component should render with a custom search icon 1`] = `
<Component
  style={
    Array [
      Object {
        "backgroundColor": "white",
        "paddingBottom": 8,
        "paddingTop": 8,
        "width": 750,
      },
      undefined,
    ]
  }
>
  <Input
    inputContainerStyle={
      Array [
        Object {
          "borderBottomWidth": 0,
          "width": 750,
        },
        undefined,
      ]
    }
    inputStyle={
      Array [
        Object {
          "marginLeft": 24,
          "marginRight": 8,
        },
        undefined,
      ]
    }
    leftIcon={
      <Icon
        color="rgba(0, 0, 0, 0.54)"
        disabled={false}
        name="magnify"
        raised={false}
        reverse={false}
        reverseColor="white"
        size={50}
        type="material-community"
        underlayColor="white"
      />
    }
    leftIconContainerStyle={
      Array [
        Object {
          "marginLeft": 8,
        },
        undefined,
      ]
    }
    onBlur={[Function]}
    onCancel={[Function]}
    onChangeText={[Function]}
    onClear={[Function]}
    onFocus={[Function]}
    rightIcon={
      <Component
        style={
          Object {
            "flexDirection": "row",
          }
        }
      />
    }
    rightIconContainerStyle={
      Array [
        Object {
          "marginRight": 8,
        },
        undefined,
      ]
    }
  />
</Component>
`;

exports[`Android SearchBar component should render with a custom search icon component 1`] = `
<Component
  style={
    Array [
      Object {
        "backgroundColor": "white",
        "paddingBottom": 8,
        "paddingTop": 8,
        "width": 750,
      },
      undefined,
    ]
  }
>
  <Input
    inputContainerStyle={
      Array [
        Object {
          "borderBottomWidth": 0,
          "width": 750,
        },
        undefined,
      ]
    }
    inputStyle={
      Array [
        Object {
          "marginLeft": 24,
          "marginRight": 8,
        },
        undefined,
      ]
    }
    leftIcon={<Component />}
    leftIconContainerStyle={
      Array [
        Object {
          "marginLeft": 8,
        },
        undefined,
      ]
    }
    onBlur={[Function]}
    onCancel={[Function]}
    onChangeText={[Function]}
    onClear={[Function]}
    onFocus={[Function]}
    rightIcon={
      <Component
        style={
          Object {
            "flexDirection": "row",
          }
        }
      />
    }
    rightIconContainerStyle={
      Array [
        Object {
          "marginRight": 8,
        },
        undefined,
      ]
    }
  />
</Component>
`;

exports[`Android SearchBar component should render with loading 1`] = `
<Component
  style={
    Array [
      Object {
        "backgroundColor": "white",
        "paddingBottom": 8,
        "paddingTop": 8,
        "width": 750,
      },
      undefined,
    ]
  }
>
  <Input
    inputContainerStyle={
      Array [
        Object {
          "borderBottomWidth": 0,
          "width": 750,
        },
        undefined,
      ]
    }
    inputStyle={
      Array [
        Object {
          "marginLeft": 24,
          "marginRight": 8,
        },
        undefined,
      ]
    }
    leftIcon={
      <Icon
        color="rgba(0, 0, 0, 0.54)"
        disabled={false}
        name="magnify"
        raised={false}
        reverse={false}
        reverseColor="white"
        size={25}
        type="material-community"
        underlayColor="white"
      />
    }
    leftIconContainerStyle={
      Array [
        Object {
          "marginLeft": 8,
        },
        undefined,
      ]
    }
    onBlur={[Function]}
    onCancel={[Function]}
    onChangeText={[Function]}
    onClear={[Function]}
    onFocus={[Function]}
    rightIcon={
      <Component
        style={
          Object {
            "flexDirection": "row",
          }
        }
      >
        <ActivityIndicator
          animating={true}
          color="#999999"
          hidesWhenStopped={true}
          size="small"
          style={
            Array [
              Object {
                "marginRight": 5,
              },
              Object {
                "flex": 1,
              },
            ]
          }
        />
      </Component>
    }
    rightIconContainerStyle={
      Array [
        Object {
          "marginRight": 8,
        },
        undefined,
      ]
    }
  />
</Component>
`;

exports[`Android SearchBar component should render without cancel icon 1`] = `
<Component
  style={
    Array [
      Object {
        "backgroundColor": "white",
        "paddingBottom": 8,
        "paddingTop": 8,
        "width": 750,
      },
      undefined,
    ]
  }
>
  <Input
    inputContainerStyle={
      Array [
        Object {
          "borderBottomWidth": 0,
          "width": 750,
        },
        undefined,
      ]
    }
    inputStyle={
      Array [
        Object {
          "marginLeft": 24,
          "marginRight": 8,
        },
        undefined,
      ]
    }
    leftIcon={
      <Icon
        color="rgba(0, 0, 0, 0.54)"
        disabled={false}
        name="magnify"
        raised={false}
        reverse={false}
        reverseColor="white"
        size={25}
        type="material-community"
        underlayColor="white"
      />
    }
    leftIconContainerStyle={
      Array [
        Object {
          "marginLeft": 8,
        },
        undefined,
      ]
    }
    onBlur={[Function]}
    onCancel={[Function]}
    onChangeText={[Function]}
    onClear={[Function]}
    onFocus={[Function]}
    rightIcon={
      <Component
        style={
          Object {
            "flexDirection": "row",
          }
        }
      />
    }
    rightIconContainerStyle={
      Array [
        Object {
          "marginRight": 8,
        },
        undefined,
      ]
    }
  />
</Component>
`;

exports[`Android SearchBar component should render without clear icon 1`] = `
<Component
  style={
    Array [
      Object {
        "backgroundColor": "white",
        "paddingBottom": 8,
        "paddingTop": 8,
        "width": 750,
      },
      undefined,
    ]
  }
>
  <Input
    inputContainerStyle={
      Array [
        Object {
          "borderBottomWidth": 0,
          "width": 750,
        },
        undefined,
      ]
    }
    inputStyle={
      Array [
        Object {
          "marginLeft": 24,
          "marginRight": 8,
        },
        undefined,
      ]
    }
    leftIcon={
      <Icon
        color="rgba(0, 0, 0, 0.54)"
        disabled={false}
        name="magnify"
        raised={false}
        reverse={false}
        reverseColor="white"
        size={25}
        type="material-community"
        underlayColor="white"
      />
    }
    leftIconContainerStyle={
      Array [
        Object {
          "marginLeft": 8,
        },
        undefined,
      ]
    }
    onBlur={[Function]}
    onCancel={[Function]}
    onChangeText={[Function]}
    onClear={[Function]}
    onFocus={[Function]}
    rightIcon={
      <Component
        style={
          Object {
            "flexDirection": "row",
          }
        }
      />
    }
    rightIconContainerStyle={
      Array [
        Object {
          "marginRight": 8,
        },
        undefined,
      ]
    }
  />
</Component>
`;

exports[`Android SearchBar component should render without issues 1`] = `
<Component
  style={
    Array [
      Object {
        "backgroundColor": "white",
        "paddingBottom": 8,
        "paddingTop": 8,
        "width": 750,
      },
      undefined,
    ]
  }
>
  <Input
    inputContainerStyle={
      Array [
        Object {
          "borderBottomWidth": 0,
          "width": 750,
        },
        undefined,
      ]
    }
    inputStyle={
      Array [
        Object {
          "marginLeft": 24,
          "marginRight": 8,
        },
        undefined,
      ]
    }
    leftIcon={
      <Icon
        color="rgba(0, 0, 0, 0.54)"
        disabled={false}
        name="magnify"
        raised={false}
        reverse={false}
        reverseColor="white"
        size={25}
        type="material-community"
        underlayColor="white"
      />
    }
    leftIconContainerStyle={
      Array [
        Object {
          "marginLeft": 8,
        },
        undefined,
      ]
    }
    onBlur={[Function]}
    onCancel={[Function]}
    onChangeText={[Function]}
    onClear={[Function]}
    onFocus={[Function]}
    rightIcon={
      <Component
        style={
          Object {
            "flexDirection": "row",
          }
        }
      />
    }
    rightIconContainerStyle={
      Array [
        Object {
          "marginRight": 8,
        },
        undefined,
      ]
    }
  />
</Component>
`;

exports[`Android SearchBar component should render without search icon 1`] = `
<Component
  style={
    Array [
      Object {
        "backgroundColor": "white",
        "paddingBottom": 8,
        "paddingTop": 8,
        "width": 750,
      },
      undefined,
    ]
  }
>
  <Input
    inputContainerStyle={
      Array [
        Object {
          "borderBottomWidth": 0,
          "width": 750,
        },
        undefined,
      ]
    }
    inputStyle={
      Array [
        Object {
          "marginLeft": 24,
          "marginRight": 8,
        },
        undefined,
      ]
    }
    leftIcon={null}
    leftIconContainerStyle={
      Array [
        Object {
          "marginLeft": 8,
        },
        undefined,
      ]
    }
    onBlur={[Function]}
    onCancel={[Function]}
    onChangeText={[Function]}
    onClear={[Function]}
    onFocus={[Function]}
    rightIcon={
      <Component
        style={
          Object {
            "flexDirection": "row",
          }
        }
      />
    }
    rightIconContainerStyle={
      Array [
        Object {
          "marginRight": 8,
        },
        undefined,
      ]
    }
  />
</Component>
`;
